PHPUnit 3.2.21 by Sebastian Bergmann.

data is <?xml version="1.0" encoding="UTF-8"?><activities><activity guid="foo/bob0" at="2008-07-14T22:07:48+0000" type="added_friend" /></activities><html>
<head>
<meta http-equiv="Content-Type" content="text/html; charset=ISO-8859-1"/>
<title>Error 400 &lt;result&gt;Invalid XML&lt;/result&gt;</title>
</head>
<body>
<h2>HTTP ERROR: 400</h2><pre>&lt;result&gt;Invalid XML&lt;/result&gt;</pre>
<p>RequestURI=/publishers/bob/activity.xml</p>
<p><i><small><a href="http://jetty.mortbay.org">Powered by jetty://</a></small></i></p>
                                                
                                                
                                                
                                                
                                                
                                                
                                                
                                                
                                                
                                                
                                                
                                                
                                                
                                                
                                                
                                                
                                                
                                                
                                                
                                                
</body>
</html>
F

Time: 0 seconds

There was 1 failure:

1) testPublish(GnipPublisherTest)
Failed asserting that <string:<result>Success</result>> contains "1".
/Users/pivotal/workspace/gnip/api-libs/gnip-php/test/GnipPublisherTest.php:19

FAILURES!
Tests: 1, Failures: 1.
